2026-09-23 14:30:03 | [INFO   ] | Логгер успешно сконфигурирован
2026-09-23 14:30:03 | [INFO   ] | Приложение запущено
2026-09-23 14:30:03 | [INFO   ] | Успешно: Тип='равносторонний', Координаты=[(10, 10), (90, 10), (50, 79)]
2026-09-23 14:30:03 | [INFO   ] | Успешно: Тип='равнобедренный', Координаты=[(10, 10), (60, 10), (50, 40)]
2026-09-23 14:30:03 | [INFO   ] | Успешно: Тип='разносторонний', Координаты=[(10, 10), (58, 10), (61, 48)]
2026-09-23 14:30:03 | [WARNING] | Не треугольник: a=1, b=2, c=10
2026-09-23 14:30:03 | [WARNING] | Ошибка ввода (не число): a=abc, b=5, c=5
2026-09-29 23:27:09 | [INFO   ] | Логгер успешно сконфигурирован
2026-09-29 23:27:09 | [INFO   ] | Приложение запущено
2026-09-29 23:27:09 | [INFO   ] | Успешно: Тип='равносторонний', Координаты=[(10, 10), (90, 10), (50, 79)]
2026-09-29 23:27:09 | [INFO   ] | Успешно: Тип='равнобедренный', Координаты=[(10, 10), (60, 10), (50, 40)]
2026-09-29 23:27:09 | [INFO   ] | Успешно: Тип='разносторонний', Координаты=[(10, 10), (58, 10), (61, 48)]
2026-09-29 23:27:09 | [WARNING] | Не треугольник: a=1, b=2, c=10
2026-09-29 23:27:09 | [WARNING] | Ошибка ввода (не число): a=abc, b=5, c=5
2026-09-30 02:55:17 | [INFO   ] | Логгер успешно сконфигурирован
2026-09-30 02:55:17 | [INFO   ] | Приложение запущено
2026-09-30 02:55:17 | [INFO   ] | Успешно: Тип='равносторонний', Координаты=[(10, 10), (90, 10), (50, 79)]
2026-09-30 02:55:17 | [INFO   ] | Успешно: Тип='равнобедренный', Координаты=[(10, 10), (60, 10), (50, 40)]
2026-09-30 02:55:17 | [INFO   ] | Успешно: Тип='разносторонний', Координаты=[(10, 10), (58, 10), (61, 48)]
2026-09-30 02:55:17 | [WARNING] | Не треугольник: a=1, b=2, c=10
2026-09-30 02:55:17 | [WARNING] | Ошибка ввода (не число): a=abc, b=5, c=5
2026-09-30 03:11:34 | [INFO   ] | Логгер успешно сконфигурирован
2026-09-30 03:11:34 | [INFO   ] | Приложение запущено
2026-09-30 03:11:40 | [INFO   ] | Успешный расчет | Тип='разносторонний', Координаты=[(10, 10), (58, 10), (61, 48)]
2026-09-30 03:13:05 | [INFO   ] | Логгер успешно сконфигурирован
2026-09-30 03:13:05 | [INFO   ] | Приложение запущено
2026-09-30 03:13:08 | [INFO   ] | Успешный расчет | Тип='разносторонний', Координаты=[(10, 10), (90, 10), (5, 76)]
2026-09-30 03:13:48 | [INFO   ] | Логгер успешно сконфигурирован
2026-09-30 03:13:48 | [INFO   ] | Приложение запущено
2026-09-30 03:13:51 | [WARNING] | Не треугольник: a='77', b='6', c='5'
2026-09-30 03:14:53 | [INFO   ] | Логгер успешно сконфигурирован
2026-09-30 03:14:53 | [INFO   ] | Приложение запущено
2026-09-30 03:15:01 | [WARNING] | не треугольник: a='2', b='3', c='1'
2026-09-30 13:35:32 | [INFO   ] | Логгер успешно сконфигурирован
2026-09-30 13:35:32 | [INFO   ] | Приложение запущено
2026-09-30 13:35:39 | [INFO   ] | тип='разносторонний', координаты=[(10, 10), (58, 10), (61, 48)]
2026-09-30 13:36:27 | [INFO   ] | Логгер успешно сконфигурирован
2026-09-30 13:36:27 | [INFO   ] | Приложение запущено
2026-09-30 13:36:36 | [WARNING] | не треугольник: a='44', b='8', c='9'
2026-09-30 13:55:51 | [INFO   ] | Логгер успешно сконфигурирован
2026-09-30 13:55:51 | [INFO   ] | Приложение запущено
2026-09-30 13:56:01 | [WARNING] | ошибка ввода (не число): a='6', b='щ', c='8'
2026-09-30 13:56:32 | [INFO   ] | Логгер успешно сконфигурирован
2026-09-30 13:56:32 | [INFO   ] | Приложение запущено
2026-09-30 13:56:39 | [WARNING] | не треугольник: a='-5', b='88', c='9'
2026-09-30 13:56:44 | [INFO   ] | Логгер успешно сконфигурирован
2026-09-30 13:56:44 | [INFO   ] | Приложение запущено
2026-09-30 13:56:48 | [WARNING] | не треугольник: a='-7', b='5', c='6'
2026-09-30 13:58:44 | [INFO   ] | Логгер успешно сконфигурирован
2026-09-30 13:58:44 | [INFO   ] | Приложение запущено
2026-09-30 13:59:12 | [INFO   ] | тип='разносторонний', координаты=[(10, 10), (67, 10), (58, 57)]
2026-09-30 14:03:51 | [INFO   ] | Логгер успешно сконфигурирован
2026-09-30 14:03:51 | [INFO   ] | Приложение запущено
2026-09-30 14:03:56 | [ERROR  ] | ошибка ввода (не число): a='h', b='6', c='7'
2026-09-30 14:07:08 | [INFO   ] | Логгер успешно сконфигурирован
2026-09-30 14:07:08 | [INFO   ] | Приложение запущено
2026-09-30 14:07:15 | [INFO   ] | тип='разносторонний', координаты=[(10, 10), (76, 10), (40, 54)]
2026-09-30 14:09:51 | [INFO   ] | Логгер успешно сконфигурирован
2026-09-30 14:09:51 | [INFO   ] | Приложение запущено
2026-09-30 14:09:59 | [INFO   ] | тип='разносторонний', координаты=[(0, 0), (5, 0), (3, 2)]
2026-09-30 14:10:13 | [INFO   ] | Логгер успешно сконфигурирован
2026-09-30 14:10:13 | [INFO   ] | Приложение запущено
2026-09-30 14:10:18 | [ERROR  ] | не треугольник: a='100', b='200', c='300'
2026-09-30 14:10:22 | [INFO   ] | Логгер успешно сконфигурирован
2026-09-30 14:10:22 | [INFO   ] | Приложение запущено
2026-09-30 14:10:26 | [INFO   ] | тип='разносторонний', координаты=[(0, 0), (600, 0), (225, 331)]
2026-09-30 14:11:15 | [INFO   ] | Логгер успешно сконфигурирован
2026-09-30 14:11:15 | [INFO   ] | Приложение запущено
2026-09-30 14:11:20 | [ERROR  ] | не треугольник: a='5', b='67', c='7'
2026-09-30 14:11:23 | [INFO   ] | Логгер успешно сконфигурирован
2026-09-30 14:11:23 | [INFO   ] | Приложение запущено
2026-09-30 14:11:25 | [INFO   ] | тип='разносторонний', координаты=[(10, 10), (90, 10), (58, 57)]
2026-09-30 14:34:24 | [INFO   ] | Логгер успешно сконфигурирован
2026-09-30 14:34:24 | [INFO   ] | Приложение запущено
2026-09-30 14:34:30 | [ERROR  ] | не треугольник: a='3', b='3', c='6'
2026-09-30 14:34:33 | [INFO   ] | Логгер успешно сконфигурирован
2026-09-30 14:34:33 | [INFO   ] | Приложение запущено
2026-09-30 14:34:36 | [INFO   ] | тип='равнобедренный', координаты=[(10, 10), (90, 10), (50, 54)]
2026-09-30 14:40:16 | [INFO   ] | Логгер успешно сконфигурирован
2026-09-30 14:40:16 | [INFO   ] | Приложение запущено
2026-09-30 14:40:21 | [ERROR  ] | не треугольник: a='1', b='2', c='3'
2026-09-30 14:40:29 | [INFO   ] | Логгер успешно сконфигурирован
2026-09-30 14:40:29 | [INFO   ] | Приложение запущено
2026-09-30 14:40:33 | [INFO   ] | тип='разносторонний', координаты=[(10, 10), (90, 10), (65, 19)]
2026-09-30 14:40:48 | [INFO   ] | Логгер успешно сконфигурирован
2026-09-30 14:40:48 | [INFO   ] | Приложение запущено
2026-09-30 14:40:52 | [ERROR  ] | ошибка ввода (не число): a='0', b='0', c='  '
